// Jest Snapshot v1, https://goo.gl/fbAQLP

exports[`withRoute should render 1`] = `""`;
