// Jest Snapshot v1, https://goo.gl/fbAQLP

exports[`with request should render 1`] = `
<MockComponent
  fetchRelation={[Function]}
  items={
    Object {
      "title": Object {
        "tyep": "string",
      },
    }
  }
  onChange={[Function]}
  refId={
    CannerRefId {
      "_internalArr": Array [
        "POSTS",
      ],
      "child": [Function],
      "getPathArr": [Function],
      "remove": [Function],
      "toString": [Function],
    }
  }
  request={[MockFunction]}
  rootValue={
    Immutable.List [
      Immutable.Map {
        "_id": "id1",
        "title": "post1",
      },
    ]
  }
  value={
    Immutable.List [
      Immutable.Map {
        "_id": "id1",
        "title": "post1",
      },
    ]
  }
/>
`;
