// Jest Snapshot v1, https://goo.gl/fbAQLP

exports[`hocTemplate should render 1`] = `""`;
