// Jest Snapshot v1, https://goo.gl/fbAQLP

exports[`provider methods fetch object 1`] = `
Object {
  "home": Object {
    "__typename": "HomePayload",
    "bestAuthor": Object {
      "__typename": "User",
      "age": 10,
      "email": "wwwy3y3@gmail.com",
      "id": "1",
      "images": Array [
        Object {
          "id": "0",
          "url": "url",
        },
      ],
      "name": "user1",
      Symbol(id): "User:1",
    },
    "count": 10,
    "header": Object {
      "__typename": null,
      "subTitle": "subTitle",
      "title": "largeTitle",
      Symbol(id): "$ROOT_QUERY.home.header",
    },
    "navs": Array [
      Object {
        "__typename": null,
        "text": "nav1",
        Symbol(id): "$ROOT_QUERY.home.navs.0",
      },
      Object {
        "__typename": null,
        "text": "nav2",
        Symbol(id): "$ROOT_QUERY.home.navs.1",
      },
    ],
    "staredPosts": Array [
      Object {
        "__typename": "Post",
        "id": "1",
        "notes": Array [
          Object {
            "__typename": null,
            "text": "note1",
            Symbol(id): "Post:1.notes.0",
          },
          Object {
            "__typename": null,
            "text": "note2",
            Symbol(id): "Post:1.notes.1",
          },
        ],
        "title": "123",
        Symbol(id): "Post:1",
      },
      Object {
        "__typename": "Post",
        "id": "2",
        "notes": Array [
          Object {
            "__typename": null,
            "text": "note3",
            Symbol(id): "Post:2.notes.0",
          },
          Object {
            "__typename": null,
            "text": "note4",
            Symbol(id): "Post:2.notes.1",
          },
        ],
        "title": "123",
        Symbol(id): "Post:2",
      },
    ],
    Symbol(id): "$ROOT_QUERY.home",
  },
  Symbol(id): "ROOT_QUERY",
}
`;
