// Jest Snapshot v1, https://goo.gl/fbAQLP

exports[`with  query should render 1`] = `
<ApolloConsumer>
  <Component />
</ApolloConsumer>
`;

exports[`with  query should render 2`] = `
<ApolloConsumer>
  <Component />
</ApolloConsumer>
`;
